Blender 4.0.2
Traceback (most recent call last):
  File "/usr/share/blender/scripts/addons/io_scene_gltf2/__init__.py", line 1709, in execute
    return self.import_gltf2(context)
           ^^^^^^^^^^^^^^^^^^^^^^^^^^
  File "/usr/share/blender/scripts/addons/io_scene_gltf2/__init__.py", line 1742, in import_gltf2
    return self.unit_import(self.filepath, import_settings)
           ^^^^^^^^^^^^^^^^^^^^^^^^^^^^^^^^^^^^^^^^^^^^^^^^
  File "/usr/share/blender/scripts/addons/io_scene_gltf2/__init__.py", line 1747, in unit_import
    from .blender.imp.gltf2_blender_gltf import BlenderGlTF
  File "/usr/share/blender/scripts/addons/io_scene_gltf2/blender/imp/gltf2_blender_gltf.py", line 8, in <module>
    from .gltf2_blender_scene import BlenderScene
  File "/usr/share/blender/scripts/addons/io_scene_gltf2/blender/imp/gltf2_blender_scene.py", line 7, in <module>
    from .gltf2_blender_node import BlenderNode
  File "/usr/share/blender/scripts/addons/io_scene_gltf2/blender/imp/gltf2_blender_node.py", line 10, in <module>
    from .gltf2_blender_mesh import BlenderMesh
  File "/usr/share/blender/scripts/addons/io_scene_gltf2/blender/imp/gltf2_blender_mesh.py", line 7, in <module>
    import numpy as np
ModuleNotFoundError: No module named 'numpy'
Traceback (most recent call last):
  File "/home/runner/work/dev-pro/dev-pro/tools/render_revp5_masterplan_qa.py", line 169, in <module>
    main()
  File "/home/runner/work/dev-pro/dev-pro/tools/render_revp5_masterplan_qa.py", line 163, in main
    render_model(BEFORE, "BEFORE_RevP2")
  File "/home/runner/work/dev-pro/dev-pro/tools/render_revp5_masterplan_qa.py", line 144, in render_model
    scene, camera = setup(path)
                    ^^^^^^^^^^^
  File "/home/runner/work/dev-pro/dev-pro/tools/render_revp5_masterplan_qa.py", line 50, in setup
    bpy.ops.import_scene.gltf(filepath=str(path.resolve()))
  File "/usr/share/blender/scripts/modules/bpy/ops.py", line 109, in __call__
    ret = _op_call(self.idname_py(), kw)
          ^^^^^^^^^^^^^^^^^^^^^^^^^^^^^^
RuntimeError: Error: Python: Traceback (most recent call last):
  File "/usr/share/blender/scripts/addons/io_scene_gltf2/__init__.py", line 1709, in execute
    return self.import_gltf2(context)
           ^^^^^^^^^^^^^^^^^^^^^^^^^^
  File "/usr/share/blender/scripts/addons/io_scene_gltf2/__init__.py", line 1742, in import_gltf2
    return self.unit_import(self.filepath, import_settings)
           ^^^^^^^^^^^^^^^^^^^^^^^^^^^^^^^^^^^^^^^^^^^^^^^^
  File "/usr/share/blender/scripts/addons/io_scene_gltf2/__init__.py", line 1747, in unit_import
    from .blender.imp.gltf2_blender_gltf import BlenderGlTF
  File "/usr/share/blender/scripts/addons/io_scene_gltf2/blender/imp/gltf2_blender_gltf.py", line 8, in <module>
    from .gltf2_blender_scene import BlenderScene
  File "/usr/share/blender/scripts/addons/io_scene_gltf2/blender/imp/gltf2_blender_scene.py", line 7, in <module>
    from .gltf2_blender_node import BlenderNode
  File "/usr/share/blender/scripts/addons/io_scene_gltf2/blender/imp/gltf2_blender_node.py", line 10, in <module>
    from .gltf2_blender_mesh import BlenderMesh
  File "/usr/share/blender/scripts/addons/io_scene_gltf2/blender/imp/gltf2_blender_mesh.py", line 7, in <module>
    import numpy as np
ModuleNotFoundError: No module named 'numpy'
Location: /usr/share/blender/scripts/modules/bpy/ops.py:109

Error: Python: Traceback (most recent call last):
  File "/usr/share/blender/scripts/addons/io_scene_gltf2/__init__.py", line 1709, in execute
    return self.import_gltf2(context)
           ^^^^^^^^^^^^^^^^^^^^^^^^^^
  File "/usr/share/blender/scripts/addons/io_scene_gltf2/__init__.py", line 1742, in import_gltf2
    return self.unit_import(self.filepath, import_settings)
           ^^^^^^^^^^^^^^^^^^^^^^^^^^^^^^^^^^^^^^^^^^^^^^^^
  File "/usr/share/blender/scripts/addons/io_scene_gltf2/__init__.py", line 1747, in unit_import
    from .blender.imp.gltf2_blender_gltf import BlenderGlTF
  File "/usr/share/blender/scripts/addons/io_scene_gltf2/blender/imp/gltf2_blender_gltf.py", line 8, in <module>
    from .gltf2_blender_scene import BlenderScene
  File "/usr/share/blender/scripts/addons/io_scene_gltf2/blender/imp/gltf2_blender_scene.py", line 7, in <module>
    from .gltf2_blender_node import BlenderNode
  File "/usr/share/blender/scripts/addons/io_scene_gltf2/blender/imp/gltf2_blende... truncated
Blender quit
